2025.09.28 17:01:39 INFO  Started: Metals version 1.6.2 in folders 'D:\Desktop\study\projects\DRP' for client Visual Studio Code 1.104.2.
2025.09.28 17:02:16 WARN  no build tool detected in workspace 'D:\Desktop\study\projects\DRP'. The most common cause for this problem is that the editor was opened in the wrong working directory, for example if you use sbt then the workspace directory should contain build.sbt. 
2025.09.28 17:02:16 WARN  Build server is not auto-connectable.
2025.09.28 17:13:52 WARN  no build target for: D:\Desktop\study\projects\DRP\backend\lumiroom\src\main\java\com\lumiroom\controller\WebSocketController.java
2025.09.28 17:13:52 INFO  no build target found for D:\Desktop\study\projects\DRP\backend\lumiroom\src\main\java\com\lumiroom\controller\WebSocketController.java. Using fallback presentation compiler.
2025.09.28 17:13:54 INFO  no build target found for D:\Desktop\study\projects\DRP\backend\lumiroom\src\main\java\com\lumiroom\controller\WebSocketController.java. Using fallback presentation compiler.
Sept 28, 2025 5:13:55 PM org.eclipse.lsp4j.jsonrpc.RemoteEndpoint handleCancellation
警告: Unmatched cancel notification for request id 7
Sept 28, 2025 5:13:55 PM org.eclipse.lsp4j.jsonrpc.RemoteEndpoint handleCancellation
警告: Unmatched cancel notification for request id 8
Sept 28, 2025 5:13:55 PM org.eclipse.lsp4j.jsonrpc.RemoteEndpoint handleCancellation
警告: Unmatched cancel notification for request id 1
2025.09.28 17:13:54 INFO  no build target found for D:\Desktop\study\projects\DRP\backend\lumiroom\src\main\java\com\lumiroom\controller\WebSocketController.java. Using fallback presentation compiler.
2025.09.28 17:13:54 INFO  no build target found for D:\Desktop\study\projects\DRP\backend\lumiroom\src\main\java\com\lumiroom\controller\WebSocketController.java. Using fallback presentation compiler.
Sept 28, 2025 5:13:55 PM org.eclipse.lsp4j.jsonrpc.RemoteEndpoint handleCancellation
警告: Unmatched cancel notification for request id 14
2025.09.28 17:13:56 INFO  no build target found for D:\Desktop\study\projects\DRP\backend\lumiroom\src\main\java\com\lumiroom\controller\WebSocketController.java. Using fallback presentation compiler.
2025.09.28 17:13:59 INFO  no build target found for D:\Desktop\study\projects\DRP\backend\lumiroom\src\main\java\com\lumiroom\controller\WebSocketController.java. Using fallback presentation compiler.
2025.09.28 17:14:02 INFO  no build target found for D:\Desktop\study\projects\DRP\backend\lumiroom\src\main\java\com\lumiroom\controller\WebSocketController.java. Using fallback presentation compiler.
2025.09.28 17:14:02 WARN  no build target for: D:\Desktop\study\projects\DRP\backend\lumiroom\src\main\java\com\lumiroom\controller\GameController.java
2025.09.28 17:14:02 INFO  no build target found for D:\Desktop\study\projects\DRP\backend\lumiroom\src\main\java\com\lumiroom\controller\GameController.java. Using fallback presentation compiler.
2025.09.28 17:14:04 WARN  no build target for: D:\Desktop\study\projects\DRP\backend\lumiroom\src\main\java\com\lumiroom\mapper\ContactsMapper.java
2025.09.28 17:14:06 INFO  no build target found for D:\Desktop\study\projects\DRP\backend\lumiroom\src\main\java\com\lumiroom\controller\GameController.java. Using fallback presentation compiler.
2025.09.28 17:14:06 WARN  no build target for: D:\Desktop\study\projects\DRP\backend\lumiroom\src\main\java\com\lumiroom\controller\MessageController.java
2025.09.28 17:14:06 INFO  no build target found for D:\Desktop\study\projects\DRP\backend\lumiroom\src\main\java\com\lumiroom\controller\MessageController.java. Using fallback presentation compiler.
2025.09.28 17:14:06 INFO  no build target found for D:\Desktop\study\projects\DRP\backend\lumiroom\src\main\java\com\lumiroom\controller\MessageController.java. Using fallback presentation compiler.
Sept 28, 2025 5:14:06 PM org.eclipse.lsp4j.jsonrpc.RemoteEndpoint handleCancellation
警告: Unmatched cancel notification for request id 32
2025.09.28 17:14:07 WARN  no build target for: D:\Desktop\study\projects\DRP\backend\lumiroom\src\main\java\com\lumiroom\mapper\GameMapper.java
2025.09.28 17:14:11 WARN  no build target for: D:\Desktop\study\projects\DRP\backend\lumiroom\src\main\java\com\lumiroom\mapper\RoomMapper.java
2025.09.28 17:14:14 WARN  no build target for: D:\Desktop\study\projects\DRP\backend\lumiroom\src\main\java\com\lumiroom\mapper\UserMapper.java
2025.09.28 17:14:18 WARN  no build target for: D:\Desktop\study\projects\DRP\backend\lumiroom\src\main\java\com\lumiroom\mapper\UserOtpMapper.java
2025.09.28 17:14:18 INFO  no build target found for D:\Desktop\study\projects\DRP\backend\lumiroom\src\main\java\com\lumiroom\controller\MessageController.java. Using fallback presentation compiler.
2025.09.28 17:14:18 WARN  no build target for: D:\Desktop\study\projects\DRP\backend\lumiroom\src\main\java\com\lumiroom\controller\EmailController.java
2025.09.28 17:14:18 INFO  no build target found for D:\Desktop\study\projects\DRP\backend\lumiroom\src\main\java\com\lumiroom\controller\EmailController.java. Using fallback presentation compiler.
2025.09.28 17:14:18 INFO  no build target found for D:\Desktop\study\projects\DRP\backend\lumiroom\src\main\java\com\lumiroom\controller\EmailController.java. Using fallback presentation compiler.
2025.09.28 17:14:19 WARN  no build target for: D:\Desktop\study\projects\DRP\backend\lumiroom\src\main\java\com\lumiroom\controller\ContactController.java
2025.09.28 17:14:18 INFO  no build target found for D:\Desktop\study\projects\DRP\backend\lumiroom\src\main\java\com\lumiroom\controller\ContactController.java. Using fallback presentation compiler.
2025.09.28 17:14:20 INFO  no build target found for D:\Desktop\study\projects\DRP\backend\lumiroom\src\main\java\com\lumiroom\controller\ContactController.java. Using fallback presentation compiler.
2025.09.28 17:14:29 INFO  no build target found for D:\Desktop\study\projects\DRP\backend\lumiroom\src\main\java\com\lumiroom\controller\ContactController.java. Using fallback presentation compiler.
2025.09.28 17:14:29 WARN  no build target for: D:\Desktop\study\projects\DRP\backend\lumiroom\src\main\java\com\lumiroom\controller\GameController.java
2025.09.28 17:14:29 INFO  no build target found for D:\Desktop\study\projects\DRP\backend\lumiroom\src\main\java\com\lumiroom\controller\GameController.java. Using fallback presentation compiler.
2025.09.28 17:14:29 INFO  no build target found for D:\Desktop\study\projects\DRP\backend\lumiroom\src\main\java\com\lumiroom\controller\GameController.java. Using fallback presentation compiler.
2025.09.28 17:14:29 INFO  no build target found for D:\Desktop\study\projects\DRP\backend\lumiroom\src\main\java\com\lumiroom\controller\GameController.java. Using fallback presentation compiler.
2025.09.28 17:14:31 INFO  no build target found for D:\Desktop\study\projects\DRP\backend\lumiroom\src\main\java\com\lumiroom\controller\GameController.java. Using fallback presentation compiler.
2025.09.28 17:14:31 WARN  no build target for: D:\Desktop\study\projects\DRP\backend\lumiroom\src\main\java\com\lumiroom\controller\WebSocketController.java
2025.09.28 17:14:31 INFO  no build target found for D:\Desktop\study\projects\DRP\backend\lumiroom\src\main\java\com\lumiroom\controller\WebSocketController.java. Using fallback presentation compiler.
2025.09.28 17:14:31 INFO  no build target found for D:\Desktop\study\projects\DRP\backend\lumiroom\src\main\java\com\lumiroom\controller\WebSocketController.java. Using fallback presentation compiler.
2025.09.28 17:14:31 INFO  no build target found for D:\Desktop\study\projects\DRP\backend\lumiroom\src\main\java\com\lumiroom\controller\WebSocketController.java. Using fallback presentation compiler.
2025.09.28 17:14:33 INFO  no build target found for D:\Desktop\study\projects\DRP\backend\lumiroom\src\main\java\com\lumiroom\controller\WebSocketController.java. Using fallback presentation compiler.
2025.09.28 17:14:35 INFO  no build target found for D:\Desktop\study\projects\DRP\backend\lumiroom\src\main\java\com\lumiroom\controller\WebSocketController.java. Using fallback presentation compiler.
2025.09.28 17:14:38 INFO  no build target found for D:\Desktop\study\projects\DRP\backend\lumiroom\src\main\java\com\lumiroom\controller\WebSocketController.java. Using fallback presentation compiler.
2025.09.28 17:15:02 INFO  no build target found for D:\Desktop\study\projects\DRP\backend\lumiroom\src\main\java\com\lumiroom\controller\WebSocketController.java. Using fallback presentation compiler.
2025.09.28 17:15:02 WARN  no build target for: D:\Desktop\study\projects\DRP\backend\lumiroom\src\main\java\com\lumiroom\service\rabbitmq\implementation\ReceiverImplementation.java
2025.09.28 17:15:02 INFO  no build target found for D:\Desktop\study\projects\DRP\backend\lumiroom\src\main\java\com\lumiroom\service\rabbitmq\implementation\ReceiverImplementation.java. Using fallback presentation compiler.
2025.09.28 17:15:13 INFO  no build target found for D:\Desktop\study\projects\DRP\backend\lumiroom\src\main\java\com\lumiroom\service\rabbitmq\implementation\ReceiverImplementation.java. Using fallback presentation compiler.
2025.09.28 17:15:13 INFO  no build target found for D:\Desktop\study\projects\DRP\backend\lumiroom\src\main\java\com\lumiroom\service\rabbitmq\implementation\ReceiverImplementation.java. Using fallback presentation compiler.
2025.09.28 17:15:15 INFO  no build target found for D:\Desktop\study\projects\DRP\backend\lumiroom\src\main\java\com\lumiroom\service\rabbitmq\implementation\ReceiverImplementation.java. Using fallback presentation compiler.
2025.09.28 17:15:15 WARN  no build target for: D:\Desktop\study\projects\DRP\backend\lumiroom\src\main\java\com\lumiroom\ws\WebSocketDispatcher.java
2025.09.28 17:15:15 INFO  no build target found for D:\Desktop\study\projects\DRP\backend\lumiroom\src\main\java\com\lumiroom\ws\WebSocketDispatcher.java. Using fallback presentation compiler.
2025.09.28 17:15:15 WARN  no build target for: D:\Desktop\study\projects\DRP\backend\lumiroom\src\main\java\com\lumiroom\ws\WebSocketDispatcher.java
2025.09.28 17:15:15 INFO  no build target found for D:\Desktop\study\projects\DRP\backend\lumiroom\src\main\java\com\lumiroom\ws\WebSocketDispatcher.java. Using fallback presentation compiler.
2025.09.28 17:15:15 INFO  no build target found for D:\Desktop\study\projects\DRP\backend\lumiroom\src\main\java\com\lumiroom\ws\WebSocketDispatcher.java. Using fallback presentation compiler.
2025.09.28 17:15:16 INFO  no build target found for D:\Desktop\study\projects\DRP\backend\lumiroom\src\main\java\com\lumiroom\ws\WebSocketDispatcher.java. Using fallback presentation compiler.
2025.09.28 17:15:23 INFO  no build target found for D:\Desktop\study\projects\DRP\backend\lumiroom\src\main\java\com\lumiroom\ws\WebSocketDispatcher.java. Using fallback presentation compiler.
2025.09.28 17:16:07 INFO  no build target found for D:\Desktop\study\projects\DRP\backend\lumiroom\src\main\java\com\lumiroom\ws\WebSocketDispatcher.java. Using fallback presentation compiler.
2025.09.28 17:16:07 WARN  no build target for: D:\Desktop\study\projects\DRP\backend\lumiroom\src\main\java\com\lumiroom\config\WebSocketConfig.java
2025.09.28 17:16:07 INFO  no build target found for D:\Desktop\study\projects\DRP\backend\lumiroom\src\main\java\com\lumiroom\config\WebSocketConfig.java. Using fallback presentation compiler.
2025.09.28 17:16:07 INFO  no build target found for D:\Desktop\study\projects\DRP\backend\lumiroom\src\main\java\com\lumiroom\config\WebSocketConfig.java. Using fallback presentation compiler.
2025.09.28 17:16:07 INFO  no build target found for D:\Desktop\study\projects\DRP\backend\lumiroom\src\main\java\com\lumiroom\config\WebSocketConfig.java. Using fallback presentation compiler.
2025.09.28 17:16:09 INFO  no build target found for D:\Desktop\study\projects\DRP\backend\lumiroom\src\main\java\com\lumiroom\config\WebSocketConfig.java. Using fallback presentation compiler.
2025.09.28 17:16:15 INFO  no build target found for D:\Desktop\study\projects\DRP\backend\lumiroom\src\main\java\com\lumiroom\config\WebSocketConfig.java. Using fallback presentation compiler.
2025.09.28 17:16:15 INFO  no build target found for D:\Desktop\study\projects\DRP\backend\lumiroom\src\main\java\com\lumiroom\config\WebSocketConfig.java. Using fallback presentation compiler.
2025.09.28 17:16:25 INFO  no build target found for D:\Desktop\study\projects\DRP\backend\lumiroom\src\main\java\com\lumiroom\config\WebSocketConfig.java. Using fallback presentation compiler.
2025.09.28 17:16:25 WARN  no build target for: D:\Desktop\study\projects\DRP\backend\lumiroom\src\main\java\com\lumiroom\ws\UserIdHandshakeHandler.java
2025.09.28 17:16:25 INFO  no build target found for D:\Desktop\study\projects\DRP\backend\lumiroom\src\main\java\com\lumiroom\ws\UserIdHandshakeHandler.java. Using fallback presentation compiler.
2025.09.28 17:16:25 INFO  no build target found for D:\Desktop\study\projects\DRP\backend\lumiroom\src\main\java\com\lumiroom\ws\UserIdHandshakeHandler.java. Using fallback presentation compiler.
2025.09.28 17:16:25 INFO  no build target found for D:\Desktop\study\projects\DRP\backend\lumiroom\src\main\java\com\lumiroom\ws\UserIdHandshakeHandler.java. Using fallback presentation compiler.
2025.09.28 17:16:25 INFO  no build target found for D:\Desktop\study\projects\DRP\backend\lumiroom\src\main\java\com\lumiroom\ws\UserIdHandshakeHandler.java. Using fallback presentation compiler.
2025.09.28 17:16:26 INFO  no build target found for D:\Desktop\study\projects\DRP\backend\lumiroom\src\main\java\com\lumiroom\ws\UserIdHandshakeHandler.java. Using fallback presentation compiler.
2025.09.28 17:16:31 INFO  no build target found for D:\Desktop\study\projects\DRP\backend\lumiroom\src\main\java\com\lumiroom\service\rabbitmq\implementation\ReceiverImplementation.java. Using fallback presentation compiler.
2025.09.28 17:16:31 WARN  no build target for: D:\Desktop\study\projects\DRP\backend\lumiroom\src\main\java\com\lumiroom\service\rabbitmq\implementation\ReceiverImplementation.java
2025.09.28 17:16:31 INFO  no build target found for D:\Desktop\study\projects\DRP\backend\lumiroom\src\main\java\com\lumiroom\service\rabbitmq\implementation\ReceiverImplementation.java. Using fallback presentation compiler.
2025.09.28 17:16:32 WARN  no build target for: D:\Desktop\study\projects\DRP\backend\lumiroom\src\main\java\com\lumiroom\ws\WebSocketDispatcher.java
2025.09.28 17:16:32 INFO  no build target found for D:\Desktop\study\projects\DRP\backend\lumiroom\src\main\java\com\lumiroom\ws\WebSocketDispatcher.java. Using fallback presentation compiler.
2025.09.28 17:16:32 INFO  no build target found for D:\Desktop\study\projects\DRP\backend\lumiroom\src\main\java\com\lumiroom\service\rabbitmq\implementation\ReceiverImplementation.java. Using fallback presentation compiler.
2025.09.28 17:16:32 INFO  no build target found for D:\Desktop\study\projects\DRP\backend\lumiroom\src\main\java\com\lumiroom\ws\UserIdHandshakeHandler.java. Using fallback presentation compiler.
2025.09.28 17:16:32 WARN  no build target for: D:\Desktop\study\projects\DRP\backend\lumiroom\src\main\java\com\lumiroom\ws\WebSocketDispatcher.java
2025.09.28 17:16:32 INFO  no build target found for D:\Desktop\study\projects\DRP\backend\lumiroom\src\main\java\com\lumiroom\ws\WebSocketDispatcher.java. Using fallback presentation compiler.
2025.09.28 17:16:32 INFO  no build target found for D:\Desktop\study\projects\DRP\backend\lumiroom\src\main\java\com\lumiroom\ws\WebSocketDispatcher.java. Using fallback presentation compiler.
2025.09.28 17:17:04 INFO  no build target found for D:\Desktop\study\projects\DRP\backend\lumiroom\src\main\java\com\lumiroom\mapper\ContactsMapper.java. Using fallback presentation compiler.
2025.09.28 17:17:05 INFO  no build target found for D:\Desktop\study\projects\DRP\backend\lumiroom\src\main\java\com\lumiroom\ws\WebSocketDispatcher.java. Using fallback presentation compiler.
2025.09.28 17:17:07 INFO  no build target found for D:\Desktop\study\projects\DRP\backend\lumiroom\src\main\java\com\lumiroom\mapper\GameMapper.java. Using fallback presentation compiler.
2025.09.28 17:17:11 INFO  no build target found for D:\Desktop\study\projects\DRP\backend\lumiroom\src\main\java\com\lumiroom\mapper\RoomMapper.java. Using fallback presentation compiler.
2025.09.28 17:17:14 INFO  no build target found for D:\Desktop\study\projects\DRP\backend\lumiroom\src\main\java\com\lumiroom\mapper\UserMapper.java. Using fallback presentation compiler.
2025.09.28 17:17:18 INFO  no build target found for D:\Desktop\study\projects\DRP\backend\lumiroom\src\main\java\com\lumiroom\mapper\UserOtpMapper.java. Using fallback presentation compiler.
2025.09.28 17:41:59 WARN  no build target for: D:\Desktop\study\projects\DRP\backend\lumiroom\src\main\java\com\lumiroom\controller\WebSocketController.java
2025.09.28 17:41:59 INFO  no build target found for D:\Desktop\study\projects\DRP\backend\lumiroom\src\main\java\com\lumiroom\controller\WebSocketController.java. Using fallback presentation compiler.
Sept 28, 2025 5:41:59 PM org.eclipse.lsp4j.jsonrpc.RemoteEndpoint handleCancellation
警告: Unmatched cancel notification for request id 177
2025.09.28 17:41:59 INFO  no build target found for D:\Desktop\study\projects\DRP\backend\lumiroom\src\main\java\com\lumiroom\controller\WebSocketController.java. Using fallback presentation compiler.
2025.09.28 17:42:00 INFO  no build target found for D:\Desktop\study\projects\DRP\backend\lumiroom\src\main\java\com\lumiroom\controller\WebSocketController.java. Using fallback presentation compiler.
2025.09.28 17:42:02 INFO  no build target found for D:\Desktop\study\projects\DRP\backend\lumiroom\src\main\java\com\lumiroom\controller\WebSocketController.java. Using fallback presentation compiler.
2025.09.28 17:42:02 WARN  no build target for: D:\Desktop\study\projects\DRP\backend\lumiroom\src\main\java\com\lumiroom\controller\RoomController.java
2025.09.28 17:42:02 INFO  no build target found for D:\Desktop\study\projects\DRP\backend\lumiroom\src\main\java\com\lumiroom\controller\RoomController.java. Using fallback presentation compiler.
2025.09.28 17:42:03 INFO  no build target found for D:\Desktop\study\projects\DRP\backend\lumiroom\src\main\java\com\lumiroom\controller\RoomController.java. Using fallback presentation compiler.
2025.09.28 22:15:02 INFO  no build target found for D:\Desktop\study\projects\DRP\backend\lumiroom\src\main\java\com\lumiroom\controller\RoomController.java. Using fallback presentation compiler.
2025.09.28 22:15:02 WARN  no build target for: D:\Desktop\study\projects\DRP\backend\lumiroom\src\main\java\com\lumiroom\controller\MessageController.java
2025.09.28 22:15:02 INFO  no build target found for D:\Desktop\study\projects\DRP\backend\lumiroom\src\main\java\com\lumiroom\controller\MessageController.java. Using fallback presentation compiler.
2025.09.28 22:15:05 INFO  no build target found for D:\Desktop\study\projects\DRP\backend\lumiroom\src\main\java\com\lumiroom\controller\MessageController.java. Using fallback presentation compiler.
2025.09.28 22:15:05 INFO  no build target found for D:\Desktop\study\projects\DRP\backend\lumiroom\src\main\java\com\lumiroom\controller\MessageController.java. Using fallback presentation compiler.
2025.09.28 22:15:06 INFO  no build target found for D:\Desktop\study\projects\DRP\backend\lumiroom\src\main\java\com\lumiroom\controller\MessageController.java. Using fallback presentation compiler.
2025.09.28 22:15:08 INFO  no build target found for D:\Desktop\study\projects\DRP\backend\lumiroom\src\main\java\com\lumiroom\controller\MessageController.java. Using fallback presentation compiler.
2025.09.28 22:15:08 INFO  no build target found for D:\Desktop\study\projects\DRP\backend\lumiroom\src\main\java\com\lumiroom\controller\MessageController.java. Using fallback presentation compiler.
2025.09.28 22:15:10 INFO  no build target found for D:\Desktop\study\projects\DRP\backend\lumiroom\src\main\java\com\lumiroom\controller\MessageController.java. Using fallback presentation compiler.
2025.09.28 22:15:11 WARN  no build target for: D:\Desktop\study\projects\DRP\backend\lumiroom\src\main\java\com\lumiroom\service\rabbitmq\Sender.java
2025.09.28 22:15:10 INFO  no build target found for D:\Desktop\study\projects\DRP\backend\lumiroom\src\main\java\com\lumiroom\service\rabbitmq\Sender.java. Using fallback presentation compiler.
2025.09.28 22:15:11 WARN  no build target for: D:\Desktop\study\projects\DRP\backend\lumiroom\src\main\java\com\lumiroom\service\rabbitmq\Sender.java
2025.09.28 22:15:11 INFO  no build target found for D:\Desktop\study\projects\DRP\backend\lumiroom\src\main\java\com\lumiroom\service\rabbitmq\Sender.java. Using fallback presentation compiler.
2025.09.28 22:15:11 INFO  no build target found for D:\Desktop\study\projects\DRP\backend\lumiroom\src\main\java\com\lumiroom\service\rabbitmq\Sender.java. Using fallback presentation compiler.
2025.09.28 22:15:12 INFO  no build target found for D:\Desktop\study\projects\DRP\backend\lumiroom\src\main\java\com\lumiroom\service\rabbitmq\Sender.java. Using fallback presentation compiler.
2025.09.28 22:15:12 INFO  no build target found for D:\Desktop\study\projects\DRP\backend\lumiroom\src\main\java\com\lumiroom\service\rabbitmq\Sender.java. Using fallback presentation compiler.
2025.09.28 22:15:14 INFO  no build target found for D:\Desktop\study\projects\DRP\backend\lumiroom\src\main\java\com\lumiroom\service\rabbitmq\Sender.java. Using fallback presentation compiler.
2025.09.28 22:15:14 WARN  no build target for: D:\Desktop\study\projects\DRP\backend\lumiroom\src\main\java\com\lumiroom\service\rabbitmq\implementation\SenderImplementation.java
2025.09.28 22:15:14 INFO  no build target found for D:\Desktop\study\projects\DRP\backend\lumiroom\src\main\java\com\lumiroom\service\rabbitmq\implementation\SenderImplementation.java. Using fallback presentation compiler.
2025.09.28 22:15:14 INFO  no build target found for D:\Desktop\study\projects\DRP\backend\lumiroom\src\main\java\com\lumiroom\service\rabbitmq\implementation\SenderImplementation.java. Using fallback presentation compiler.
2025.09.28 22:15:16 INFO  no build target found for D:\Desktop\study\projects\DRP\backend\lumiroom\src\main\java\com\lumiroom\service\rabbitmq\implementation\SenderImplementation.java. Using fallback presentation compiler.
2025.09.28 22:15:16 INFO  no build target found for D:\Desktop\study\projects\DRP\backend\lumiroom\src\main\java\com\lumiroom\service\rabbitmq\implementation\SenderImplementation.java. Using fallback presentation compiler.
2025.09.28 22:15:18 INFO  no build target found for D:\Desktop\study\projects\DRP\backend\lumiroom\src\main\java\com\lumiroom\service\rabbitmq\implementation\SenderImplementation.java. Using fallback presentation compiler.
2025.09.28 22:15:18 INFO  no build target found for D:\Desktop\study\projects\DRP\backend\lumiroom\src\main\java\com\lumiroom\service\rabbitmq\implementation\SenderImplementation.java. Using fallback presentation compiler.
2025.09.28 22:15:18 INFO  no build target found for D:\Desktop\study\projects\DRP\backend\lumiroom\src\main\java\com\lumiroom\service\rabbitmq\implementation\SenderImplementation.java. Using fallback presentation compiler.
2025.09.28 22:15:18 INFO  no build target found for D:\Desktop\study\projects\DRP\backend\lumiroom\src\main\java\com\lumiroom\service\rabbitmq\implementation\SenderImplementation.java. Using fallback presentation compiler.
2025.09.28 22:15:21 INFO  no build target found for D:\Desktop\study\projects\DRP\backend\lumiroom\src\main\java\com\lumiroom\service\rabbitmq\implementation\SenderImplementation.java. Using fallback presentation compiler.
2025.09.28 22:15:21 WARN  no build target for: D:\Desktop\study\projects\DRP\backend\lumiroom\src\main\java\com\lumiroom\service\rabbitmq\Receiver.java
2025.09.28 22:15:21 INFO  no build target found for D:\Desktop\study\projects\DRP\backend\lumiroom\src\main\java\com\lumiroom\service\rabbitmq\Receiver.java. Using fallback presentation compiler.
2025.09.28 22:15:24 INFO  no build target found for D:\Desktop\study\projects\DRP\backend\lumiroom\src\main\java\com\lumiroom\service\rabbitmq\implementation\ReceiverImplementation.java. Using fallback presentation compiler.
2025.09.28 22:15:24 WARN  no build target for: D:\Desktop\study\projects\DRP\backend\lumiroom\src\main\java\com\lumiroom\service\rabbitmq\implementation\ReceiverImplementation.java
2025.09.28 22:15:24 INFO  no build target found for D:\Desktop\study\projects\DRP\backend\lumiroom\src\main\java\com\lumiroom\service\rabbitmq\implementation\ReceiverImplementation.java. Using fallback presentation compiler.
2025.09.28 22:15:24 INFO  no build target found for D:\Desktop\study\projects\DRP\backend\lumiroom\src\main\java\com\lumiroom\service\rabbitmq\implementation\ReceiverImplementation.java. Using fallback presentation compiler.
2025.09.28 22:15:41 INFO  no build target found for D:\Desktop\study\projects\DRP\backend\lumiroom\src\main\java\com\lumiroom\service\rabbitmq\implementation\ReceiverImplementation.java. Using fallback presentation compiler.
2025.09.28 22:15:41 INFO  no build target found for D:\Desktop\study\projects\DRP\backend\lumiroom\src\main\java\com\lumiroom\service\rabbitmq\implementation\ReceiverImplementation.java. Using fallback presentation compiler.
2025.09.28 22:15:42 INFO  no build target found for D:\Desktop\study\projects\DRP\backend\lumiroom\src\main\java\com\lumiroom\service\rabbitmq\implementation\ReceiverImplementation.java. Using fallback presentation compiler.
2025.09.28 22:15:42 INFO  no build target found for D:\Desktop\study\projects\DRP\backend\lumiroom\src\main\java\com\lumiroom\service\rabbitmq\implementation\ReceiverImplementation.java. Using fallback presentation compiler.
2025.09.28 22:16:33 INFO  no build target found for D:\Desktop\study\projects\DRP\backend\lumiroom\src\main\java\com\lumiroom\service\rabbitmq\Receiver.java. Using fallback presentation compiler.
2025.09.28 22:32:23 WARN  no build target for: D:\Desktop\study\projects\DRP\backend\lumiroom\src\main\java\com\lumiroom\controller\WebSocketController.java
2025.09.28 22:32:23 INFO  no build target found for D:\Desktop\study\projects\DRP\backend\lumiroom\src\main\java\com\lumiroom\controller\WebSocketController.java. Using fallback presentation compiler.
2025.09.28 22:32:23 INFO  no build target found for D:\Desktop\study\projects\DRP\backend\lumiroom\src\main\java\com\lumiroom\controller\WebSocketController.java. Using fallback presentation compiler.
2025.09.28 22:32:30 INFO  no build target found for D:\Desktop\study\projects\DRP\backend\lumiroom\src\main\java\com\lumiroom\controller\WebSocketController.java. Using fallback presentation compiler.
2025.09.28 22:33:07 INFO  no build target found for D:\Desktop\study\projects\DRP\backend\lumiroom\src\main\java\com\lumiroom\controller\WebSocketController.java. Using fallback presentation compiler.
2025.09.28 22:33:07 WARN  no build target for: D:\Desktop\study\projects\DRP\backend\lumiroom\src\main\java\com\lumiroom\controller\WebSocketController.java
2025.09.28 22:33:07 INFO  no build target found for D:\Desktop\study\projects\DRP\backend\lumiroom\src\main\java\com\lumiroom\controller\WebSocketController.java. Using fallback presentation compiler.
2025.09.28 22:33:09 INFO  no build target found for D:\Desktop\study\projects\DRP\backend\lumiroom\src\main\java\com\lumiroom\controller\WebSocketController.java. Using fallback presentation compiler.
2025.09.28 22:33:14 INFO  no build target found for D:\Desktop\study\projects\DRP\backend\lumiroom\src\main\java\com\lumiroom\controller\WebSocketController.java. Using fallback presentation compiler.
2025.09.28 22:33:27 INFO  no build target found for D:\Desktop\study\projects\DRP\backend\lumiroom\src\main\java\com\lumiroom\controller\WebSocketController.java. Using fallback presentation compiler.
2025.09.28 22:33:27 INFO  no build target found for D:\Desktop\study\projects\DRP\backend\lumiroom\src\main\java\com\lumiroom\controller\WebSocketController.java. Using fallback presentation compiler.
2025.09.28 22:33:29 INFO  no build target found for D:\Desktop\study\projects\DRP\backend\lumiroom\src\main\java\com\lumiroom\controller\WebSocketController.java. Using fallback presentation compiler.
2025.09.28 22:33:35 INFO  no build target found for D:\Desktop\study\projects\DRP\backend\lumiroom\src\main\java\com\lumiroom\controller\WebSocketController.java. Using fallback presentation compiler.
2025.09.28 22:33:35 INFO  no build target found for D:\Desktop\study\projects\DRP\backend\lumiroom\src\main\java\com\lumiroom\controller\WebSocketController.java. Using fallback presentation compiler.
2025.09.28 22:33:35 INFO  no build target found for D:\Desktop\study\projects\DRP\backend\lumiroom\src\main\java\com\lumiroom\controller\WebSocketController.java. Using fallback presentation compiler.
2025.09.28 22:33:35 INFO  no build target found for D:\Desktop\study\projects\DRP\backend\lumiroom\src\main\java\com\lumiroom\controller\WebSocketController.java. Using fallback presentation compiler.
2025.09.28 22:33:35 INFO  no build target found for D:\Desktop\study\projects\DRP\backend\lumiroom\src\main\java\com\lumiroom\controller\WebSocketController.java. Using fallback presentation compiler.
2025.09.28 22:33:35 INFO  no build target found for D:\Desktop\study\projects\DRP\backend\lumiroom\src\main\java\com\lumiroom\controller\WebSocketController.java. Using fallback presentation compiler.
2025.09.28 22:33:36 INFO  no build target found for D:\Desktop\study\projects\DRP\backend\lumiroom\src\main\java\com\lumiroom\controller\WebSocketController.java. Using fallback presentation compiler.
2025.09.28 22:33:36 INFO  no build target found for D:\Desktop\study\projects\DRP\backend\lumiroom\src\main\java\com\lumiroom\controller\WebSocketController.java. Using fallback presentation compiler.
2025.09.28 22:33:36 INFO  no build target found for D:\Desktop\study\projects\DRP\backend\lumiroom\src\main\java\com\lumiroom\controller\WebSocketController.java. Using fallback presentation compiler.
2025.09.28 22:33:38 INFO  no build target found for D:\Desktop\study\projects\DRP\backend\lumiroom\src\main\java\com\lumiroom\controller\WebSocketController.java. Using fallback presentation compiler.
2025.09.28 22:33:38 INFO  no build target found for D:\Desktop\study\projects\DRP\backend\lumiroom\src\main\java\com\lumiroom\controller\WebSocketController.java. Using fallback presentation compiler.
2025.09.28 22:33:39 WARN  no build target for: D:\Desktop\study\projects\DRP\backend\lumiroom\src\main\java\com\lumiroom\controller\WebSocketController.java
2025.09.28 22:33:39 INFO  no build target found for D:\Desktop\study\projects\DRP\backend\lumiroom\src\main\java\com\lumiroom\controller\WebSocketController.java. Using fallback presentation compiler.
2025.09.28 22:33:39 WARN  no build target for: D:\Desktop\study\projects\DRP\backend\lumiroom\src\main\java\com\lumiroom\controller\WebSocketController.java
2025.09.28 22:33:39 INFO  no build target found for D:\Desktop\study\projects\DRP\backend\lumiroom\src\main\java\com\lumiroom\controller\WebSocketController.java. Using fallback presentation compiler.
2025.09.28 22:33:39 WARN  no build target for: D:\Desktop\study\projects\DRP\backend\lumiroom\src\main\java\com\lumiroom\controller\WebSocketController.java
2025.09.28 22:33:42 INFO  no build target found for D:\Desktop\study\projects\DRP\backend\lumiroom\src\main\java\com\lumiroom\controller\WebSocketController.java. Using fallback presentation compiler.
2025.09.28 22:33:47 WARN  no build target for: D:\Desktop\study\projects\DRP\backend\lumiroom\src\main\java\com\lumiroom\service\rabbitmq\Sender.java
2025.09.28 22:33:47 INFO  no build target found for D:\Desktop\study\projects\DRP\backend\lumiroom\src\main\java\com\lumiroom\service\rabbitmq\Sender.java. Using fallback presentation compiler.
2025.09.28 22:33:47 INFO  no build target found for D:\Desktop\study\projects\DRP\backend\lumiroom\src\main\java\com\lumiroom\service\rabbitmq\Sender.java. Using fallback presentation compiler.
2025.09.28 22:33:48 INFO  no build target found for D:\Desktop\study\projects\DRP\backend\lumiroom\src\main\java\com\lumiroom\service\rabbitmq\Sender.java. Using fallback presentation compiler.
2025.09.28 22:33:48 INFO  no build target found for D:\Desktop\study\projects\DRP\backend\lumiroom\src\main\java\com\lumiroom\service\rabbitmq\Sender.java. Using fallback presentation compiler.
2025.09.28 22:33:50 INFO  no build target found for D:\Desktop\study\projects\DRP\backend\lumiroom\src\main\java\com\lumiroom\service\rabbitmq\Sender.java. Using fallback presentation compiler.
2025.09.28 22:33:50 INFO  no build target found for D:\Desktop\study\projects\DRP\backend\lumiroom\src\main\java\com\lumiroom\service\rabbitmq\Sender.java. Using fallback presentation compiler.
2025.09.28 22:33:52 INFO  no build target found for D:\Desktop\study\projects\DRP\backend\lumiroom\src\main\java\com\lumiroom\service\rabbitmq\Sender.java. Using fallback presentation compiler.
2025.09.28 22:33:52 WARN  no build target for: D:\Desktop\study\projects\DRP\backend\lumiroom\src\main\java\com\lumiroom\service\rabbitmq\implementation\SenderImplementation.java
2025.09.28 22:33:52 INFO  no build target found for D:\Desktop\study\projects\DRP\backend\lumiroom\src\main\java\com\lumiroom\service\rabbitmq\implementation\SenderImplementation.java. Using fallback presentation compiler.
2025.09.28 22:33:52 INFO  no build target found for D:\Desktop\study\projects\DRP\backend\lumiroom\src\main\java\com\lumiroom\service\rabbitmq\implementation\SenderImplementation.java. Using fallback presentation compiler.
2025.09.28 22:33:52 INFO  no build target found for D:\Desktop\study\projects\DRP\backend\lumiroom\src\main\java\com\lumiroom\service\rabbitmq\implementation\SenderImplementation.java. Using fallback presentation compiler.
2025.09.28 22:33:54 INFO  no build target found for D:\Desktop\study\projects\DRP\backend\lumiroom\src\main\java\com\lumiroom\service\rabbitmq\implementation\SenderImplementation.java. Using fallback presentation compiler.
2025.09.28 22:33:54 INFO  no build target found for D:\Desktop\study\projects\DRP\backend\lumiroom\src\main\java\com\lumiroom\service\rabbitmq\implementation\SenderImplementation.java. Using fallback presentation compiler.
2025.09.28 22:33:56 INFO  no build target found for D:\Desktop\study\projects\DRP\backend\lumiroom\src\main\java\com\lumiroom\service\rabbitmq\implementation\SenderImplementation.java. Using fallback presentation compiler.
2025.09.28 22:33:58 INFO  no build target found for D:\Desktop\study\projects\DRP\backend\lumiroom\src\main\java\com\lumiroom\service\rabbitmq\implementation\SenderImplementation.java. Using fallback presentation compiler.
2025.09.28 22:33:58 INFO  no build target found for D:\Desktop\study\projects\DRP\backend\lumiroom\src\main\java\com\lumiroom\service\rabbitmq\implementation\SenderImplementation.java. Using fallback presentation compiler.
2025.09.28 22:33:59 INFO  no build target found for D:\Desktop\study\projects\DRP\backend\lumiroom\src\main\java\com\lumiroom\service\rabbitmq\implementation\SenderImplementation.java. Using fallback presentation compiler.
2025.09.28 22:33:59 INFO  no build target found for D:\Desktop\study\projects\DRP\backend\lumiroom\src\main\java\com\lumiroom\service\rabbitmq\implementation\SenderImplementation.java. Using fallback presentation compiler.
2025.09.28 22:33:59 INFO  no build target found for D:\Desktop\study\projects\DRP\backend\lumiroom\src\main\java\com\lumiroom\service\rabbitmq\implementation\SenderImplementation.java. Using fallback presentation compiler.
2025.09.28 22:33:59 INFO  no build target found for D:\Desktop\study\projects\DRP\backend\lumiroom\src\main\java\com\lumiroom\service\rabbitmq\implementation\SenderImplementation.java. Using fallback presentation compiler.
2025.09.28 22:33:59 INFO  no build target found for D:\Desktop\study\projects\DRP\backend\lumiroom\src\main\java\com\lumiroom\service\rabbitmq\implementation\SenderImplementation.java. Using fallback presentation compiler.
2025.09.28 22:33:59 INFO  no build target found for D:\Desktop\study\projects\DRP\backend\lumiroom\src\main\java\com\lumiroom\service\rabbitmq\implementation\SenderImplementation.java. Using fallback presentation compiler.
2025.09.28 22:33:59 INFO  no build target found for D:\Desktop\study\projects\DRP\backend\lumiroom\src\main\java\com\lumiroom\service\rabbitmq\implementation\SenderImplementation.java. Using fallback presentation compiler.
2025.09.28 22:34:00 INFO  no build target found for D:\Desktop\study\projects\DRP\backend\lumiroom\src\main\java\com\lumiroom\service\rabbitmq\implementation\SenderImplementation.java. Using fallback presentation compiler.
2025.09.28 22:34:00 INFO  no build target found for D:\Desktop\study\projects\DRP\backend\lumiroom\src\main\java\com\lumiroom\service\rabbitmq\implementation\SenderImplementation.java. Using fallback presentation compiler.
2025.09.28 22:34:00 INFO  no build target found for D:\Desktop\study\projects\DRP\backend\lumiroom\src\main\java\com\lumiroom\service\rabbitmq\implementation\SenderImplementation.java. Using fallback presentation compiler.
2025.09.28 22:34:00 INFO  no build target found for D:\Desktop\study\projects\DRP\backend\lumiroom\src\main\java\com\lumiroom\service\rabbitmq\implementation\SenderImplementation.java. Using fallback presentation compiler.
2025.09.28 22:34:00 INFO  no build target found for D:\Desktop\study\projects\DRP\backend\lumiroom\src\main\java\com\lumiroom\service\rabbitmq\implementation\SenderImplementation.java. Using fallback presentation compiler.
2025.09.28 22:34:01 INFO  no build target found for D:\Desktop\study\projects\DRP\backend\lumiroom\src\main\java\com\lumiroom\service\rabbitmq\implementation\SenderImplementation.java. Using fallback presentation compiler.
2025.09.28 22:34:01 INFO  no build target found for D:\Desktop\study\projects\DRP\backend\lumiroom\src\main\java\com\lumiroom\service\rabbitmq\implementation\SenderImplementation.java. Using fallback presentation compiler.
2025.09.28 22:34:01 INFO  no build target found for D:\Desktop\study\projects\DRP\backend\lumiroom\src\main\java\com\lumiroom\service\rabbitmq\implementation\SenderImplementation.java. Using fallback presentation compiler.
2025.09.28 22:34:01 INFO  no build target found for D:\Desktop\study\projects\DRP\backend\lumiroom\src\main\java\com\lumiroom\service\rabbitmq\implementation\SenderImplementation.java. Using fallback presentation compiler.
2025.09.28 22:34:02 INFO  no build target found for D:\Desktop\study\projects\DRP\backend\lumiroom\src\main\java\com\lumiroom\service\rabbitmq\implementation\SenderImplementation.java. Using fallback presentation compiler.
2025.09.28 22:34:02 INFO  no build target found for D:\Desktop\study\projects\DRP\backend\lumiroom\src\main\java\com\lumiroom\service\rabbitmq\implementation\SenderImplementation.java. Using fallback presentation compiler.
2025.09.28 22:34:02 INFO  no build target found for D:\Desktop\study\projects\DRP\backend\lumiroom\src\main\java\com\lumiroom\service\rabbitmq\implementation\SenderImplementation.java. Using fallback presentation compiler.
2025.09.28 22:34:02 INFO  no build target found for D:\Desktop\study\projects\DRP\backend\lumiroom\src\main\java\com\lumiroom\service\rabbitmq\implementation\SenderImplementation.java. Using fallback presentation compiler.
2025.09.28 22:34:02 INFO  no build target found for D:\Desktop\study\projects\DRP\backend\lumiroom\src\main\java\com\lumiroom\service\rabbitmq\implementation\SenderImplementation.java. Using fallback presentation compiler.
2025.09.28 22:34:04 INFO  no build target found for D:\Desktop\study\projects\DRP\backend\lumiroom\src\main\java\com\lumiroom\service\rabbitmq\implementation\SenderImplementation.java. Using fallback presentation compiler.
2025.09.28 22:34:04 INFO  no build target found for D:\Desktop\study\projects\DRP\backend\lumiroom\src\main\java\com\lumiroom\service\rabbitmq\implementation\SenderImplementation.java. Using fallback presentation compiler.
2025.09.28 22:34:04 WARN  no build target for: D:\Desktop\study\projects\DRP\backend\lumiroom\src\main\java\com\lumiroom\service\rabbitmq\implementation\SenderImplementation.java
Sept 28, 2025 10:34:04 PM org.eclipse.lsp4j.jsonrpc.RemoteEndpoint handleCancellation
警告: Unmatched cancel notification for request id 462
2025.09.28 22:34:04 INFO  no build target found for D:\Desktop\study\projects\DRP\backend\lumiroom\src\main\java\com\lumiroom\service\rabbitmq\implementation\SenderImplementation.java. Using fallback presentation compiler.
2025.09.28 22:34:04 WARN  no build target for: D:\Desktop\study\projects\DRP\backend\lumiroom\src\main\java\com\lumiroom\service\rabbitmq\implementation\SenderImplementation.java
2025.09.28 22:34:05 INFO  no build target found for D:\Desktop\study\projects\DRP\backend\lumiroom\src\main\java\com\lumiroom\service\rabbitmq\implementation\SenderImplementation.java. Using fallback presentation compiler.
2025.09.28 22:34:05 INFO  no build target found for D:\Desktop\study\projects\DRP\backend\lumiroom\src\main\java\com\lumiroom\service\rabbitmq\implementation\SenderImplementation.java. Using fallback presentation compiler.
2025.09.28 22:34:06 WARN  no build target for: D:\Desktop\study\projects\DRP\backend\lumiroom\src\main\java\com\lumiroom\service\rabbitmq\implementation\SenderImplementation.java
2025.09.28 22:34:05 INFO  no build target found for D:\Desktop\study\projects\DRP\backend\lumiroom\src\main\java\com\lumiroom\service\rabbitmq\implementation\SenderImplementation.java. Using fallback presentation compiler.
2025.09.28 22:34:06 WARN  no build target for: D:\Desktop\study\projects\DRP\backend\lumiroom\src\main\java\com\lumiroom\service\rabbitmq\implementation\SenderImplementation.java
2025.09.28 22:34:05 INFO  no build target found for D:\Desktop\study\projects\DRP\backend\lumiroom\src\main\java\com\lumiroom\service\rabbitmq\implementation\SenderImplementation.java. Using fallback presentation compiler.
2025.09.28 22:34:06 WARN  no build target for: D:\Desktop\study\projects\DRP\backend\lumiroom\src\main\java\com\lumiroom\service\rabbitmq\implementation\SenderImplementation.java
2025.09.28 22:34:06 INFO  no build target found for D:\Desktop\study\projects\DRP\backend\lumiroom\src\main\java\com\lumiroom\service\rabbitmq\implementation\ReceiverImplementation.java. Using fallback presentation compiler.
2025.09.28 22:34:07 WARN  no build target for: D:\Desktop\study\projects\DRP\backend\lumiroom\src\main\java\com\lumiroom\service\rabbitmq\implementation\ReceiverImplementation.java
2025.09.28 22:34:11 INFO  no build target found for D:\Desktop\study\projects\DRP\backend\lumiroom\src\main\java\com\lumiroom\service\rabbitmq\implementation\ReceiverImplementation.java. Using fallback presentation compiler.
2025.09.28 22:34:12 INFO  no build target found for D:\Desktop\study\projects\DRP\backend\lumiroom\src\main\java\com\lumiroom\service\rabbitmq\implementation\ReceiverImplementation.java. Using fallback presentation compiler.
2025.09.28 22:34:12 INFO  no build target found for D:\Desktop\study\projects\DRP\backend\lumiroom\src\main\java\com\lumiroom\service\rabbitmq\implementation\ReceiverImplementation.java. Using fallback presentation compiler.
2025.09.28 22:34:16 INFO  no build target found for D:\Desktop\study\projects\DRP\backend\lumiroom\src\main\java\com\lumiroom\service\rabbitmq\implementation\ReceiverImplementation.java. Using fallback presentation compiler.
2025.09.28 22:34:16 INFO  no build target found for D:\Desktop\study\projects\DRP\backend\lumiroom\src\main\java\com\lumiroom\service\rabbitmq\implementation\ReceiverImplementation.java. Using fallback presentation compiler.
2025.09.28 22:34:16 INFO  no build target found for D:\Desktop\study\projects\DRP\backend\lumiroom\src\main\java\com\lumiroom\service\rabbitmq\implementation\ReceiverImplementation.java. Using fallback presentation compiler.
2025.09.28 22:34:18 INFO  no build target found for D:\Desktop\study\projects\DRP\backend\lumiroom\src\main\java\com\lumiroom\service\rabbitmq\implementation\ReceiverImplementation.java. Using fallback presentation compiler.
2025.09.28 22:34:18 WARN  no build target for: D:\Desktop\study\projects\DRP\backend\lumiroom\src\main\java\com\lumiroom\service\rabbitmq\implementation\ReceiverImplementation.java
2025.09.28 22:34:18 INFO  no build target found for D:\Desktop\study\projects\DRP\backend\lumiroom\src\main\java\com\lumiroom\service\rabbitmq\implementation\ReceiverImplementation.java. Using fallback presentation compiler.
2025.09.28 22:34:18 WARN  no build target for: D:\Desktop\study\projects\DRP\backend\lumiroom\src\main\java\com\lumiroom\service\rabbitmq\implementation\ReceiverImplementation.java
2025.09.28 22:34:18 INFO  no build target found for D:\Desktop\study\projects\DRP\backend\lumiroom\src\main\java\com\lumiroom\service\rabbitmq\implementation\ReceiverImplementation.java. Using fallback presentation compiler.
2025.09.28 22:34:19 WARN  no build target for: D:\Desktop\study\projects\DRP\backend\lumiroom\src\main\java\com\lumiroom\service\rabbitmq\implementation\ReceiverImplementation.java
2025.09.28 22:34:18 INFO  no build target found for D:\Desktop\study\projects\DRP\backend\lumiroom\src\main\java\com\lumiroom\service\rabbitmq\implementation\ReceiverImplementation.java. Using fallback presentation compiler.
2025.09.28 22:34:19 WARN  no build target for: D:\Desktop\study\projects\DRP\backend\lumiroom\src\main\java\com\lumiroom\service\rabbitmq\implementation\ReceiverImplementation.java
2025.09.28 22:34:18 INFO  no build target found for D:\Desktop\study\projects\DRP\backend\lumiroom\src\main\java\com\lumiroom\service\rabbitmq\implementation\ReceiverImplementation.java. Using fallback presentation compiler.
2025.09.28 22:34:19 WARN  no build target for: D:\Desktop\study\projects\DRP\backend\lumiroom\src\main\java\com\lumiroom\service\rabbitmq\implementation\ReceiverImplementation.java
2025.09.28 22:34:19 INFO  no build target found for D:\Desktop\study\projects\DRP\backend\lumiroom\src\main\java\com\lumiroom\service\rabbitmq\implementation\ReceiverImplementation.java. Using fallback presentation compiler.
2025.09.28 22:34:19 WARN  no build target for: D:\Desktop\study\projects\DRP\backend\lumiroom\src\main\java\com\lumiroom\service\rabbitmq\implementation\ReceiverImplementation.java
2025.09.28 22:34:19 INFO  no build target found for D:\Desktop\study\projects\DRP\backend\lumiroom\src\main\java\com\lumiroom\service\rabbitmq\implementation\ReceiverImplementation.java. Using fallback presentation compiler.
2025.09.28 22:34:19 WARN  no build target for: D:\Desktop\study\projects\DRP\backend\lumiroom\src\main\java\com\lumiroom\service\rabbitmq\implementation\ReceiverImplementation.java
2025.09.28 22:34:19 INFO  no build target found for D:\Desktop\study\projects\DRP\backend\lumiroom\src\main\java\com\lumiroom\service\rabbitmq\implementation\ReceiverImplementation.java. Using fallback presentation compiler.
2025.09.28 22:34:19 WARN  no build target for: D:\Desktop\study\projects\DRP\backend\lumiroom\src\main\java\com\lumiroom\service\rabbitmq\implementation\ReceiverImplementation.java
2025.09.28 22:34:19 INFO  no build target found for D:\Desktop\study\projects\DRP\backend\lumiroom\src\main\java\com\lumiroom\service\rabbitmq\implementation\ReceiverImplementation.java. Using fallback presentation compiler.
2025.09.28 22:34:20 WARN  no build target for: D:\Desktop\study\projects\DRP\backend\lumiroom\src\main\java\com\lumiroom\service\rabbitmq\implementation\ReceiverImplementation.java
2025.09.28 22:34:20 INFO  no build target found for D:\Desktop\study\projects\DRP\backend\lumiroom\src\main\java\com\lumiroom\service\rabbitmq\implementation\ReceiverImplementation.java. Using fallback presentation compiler.
2025.09.28 22:34:20 WARN  no build target for: D:\Desktop\study\projects\DRP\backend\lumiroom\src\main\java\com\lumiroom\service\rabbitmq\implementation\ReceiverImplementation.java
2025.09.28 22:34:20 INFO  no build target found for D:\Desktop\study\projects\DRP\backend\lumiroom\src\main\java\com\lumiroom\service\rabbitmq\implementation\ReceiverImplementation.java. Using fallback presentation compiler.
2025.09.28 22:34:21 WARN  no build target for: D:\Desktop\study\projects\DRP\backend\lumiroom\src\main\java\com\lumiroom\service\rabbitmq\implementation\ReceiverImplementation.java
2025.09.28 22:34:20 INFO  no build target found for D:\Desktop\study\projects\DRP\backend\lumiroom\src\main\java\com\lumiroom\service\rabbitmq\implementation\ReceiverImplementation.java. Using fallback presentation compiler.
2025.09.28 22:34:21 WARN  no build target for: D:\Desktop\study\projects\DRP\backend\lumiroom\src\main\java\com\lumiroom\service\rabbitmq\implementation\ReceiverImplementation.java
2025.09.28 22:34:20 INFO  no build target found for D:\Desktop\study\projects\DRP\backend\lumiroom\src\main\java\com\lumiroom\service\rabbitmq\implementation\ReceiverImplementation.java. Using fallback presentation compiler.
2025.09.28 22:34:20 WARN  no build target for: D:\Desktop\study\projects\DRP\backend\lumiroom\src\main\java\com\lumiroom\service\rabbitmq\implementation\ReceiverImplementation.java
2025.09.28 22:34:20 INFO  no build target found for D:\Desktop\study\projects\DRP\backend\lumiroom\src\main\java\com\lumiroom\service\rabbitmq\implementation\ReceiverImplementation.java. Using fallback presentation compiler.
2025.09.28 22:34:21 WARN  no build target for: D:\Desktop\study\projects\DRP\backend\lumiroom\src\main\java\com\lumiroom\service\rabbitmq\implementation\ReceiverImplementation.java
2025.09.28 22:34:22 INFO  no build target found for D:\Desktop\study\projects\DRP\backend\lumiroom\src\main\java\com\lumiroom\service\rabbitmq\implementation\ReceiverImplementation.java. Using fallback presentation compiler.
2025.09.28 22:34:21 WARN  no build target for: D:\Desktop\study\projects\DRP\backend\lumiroom\src\main\java\com\lumiroom\service\rabbitmq\implementation\ReceiverImplementation.java
2025.09.28 22:34:22 INFO  no build target found for D:\Desktop\study\projects\DRP\backend\lumiroom\src\main\java\com\lumiroom\service\rabbitmq\implementation\ReceiverImplementation.java. Using fallback presentation compiler.
2025.09.28 22:34:22 WARN  no build target for: D:\Desktop\study\projects\DRP\backend\lumiroom\src\main\java\com\lumiroom\service\rabbitmq\implementation\ReceiverImplementation.java
2025.09.28 22:34:24 INFO  no build target found for D:\Desktop\study\projects\DRP\backend\lumiroom\src\main\java\com\lumiroom\service\rabbitmq\implementation\ReceiverImplementation.java. Using fallback presentation compiler.
2025.09.28 22:34:24 INFO  no build target found for D:\Desktop\study\projects\DRP\backend\lumiroom\src\main\java\com\lumiroom\service\rabbitmq\implementation\ReceiverImplementation.java. Using fallback presentation compiler.
2025.09.28 22:34:25 INFO  no build target found for D:\Desktop\study\projects\DRP\backend\lumiroom\src\main\java\com\lumiroom\service\rabbitmq\implementation\ReceiverImplementation.java. Using fallback presentation compiler.
2025.09.28 22:34:25 INFO  no build target found for D:\Desktop\study\projects\DRP\backend\lumiroom\src\main\java\com\lumiroom\service\rabbitmq\implementation\ReceiverImplementation.java. Using fallback presentation compiler.
2025.09.28 22:34:27 INFO  no build target found for D:\Desktop\study\projects\DRP\backend\lumiroom\src\main\java\com\lumiroom\service\rabbitmq\implementation\ReceiverImplementation.java. Using fallback presentation compiler.
2025.09.28 22:34:28 INFO  no build target found for D:\Desktop\study\projects\DRP\backend\lumiroom\src\main\java\com\lumiroom\service\rabbitmq\implementation\ReceiverImplementation.java. Using fallback presentation compiler.
2025.09.28 22:34:28 INFO  no build target found for D:\Desktop\study\projects\DRP\backend\lumiroom\src\main\java\com\lumiroom\service\rabbitmq\implementation\ReceiverImplementation.java. Using fallback presentation compiler.
2025.09.28 22:34:29 INFO  no build target found for D:\Desktop\study\projects\DRP\backend\lumiroom\src\main\java\com\lumiroom\service\rabbitmq\implementation\ReceiverImplementation.java. Using fallback presentation compiler.
2025.09.28 22:47:13 INFO  no build target found for D:\Desktop\study\projects\DRP\backend\lumiroom\src\main\java\com\lumiroom\controller\MessageController.java. Using fallback presentation compiler.
2025.09.28 22:47:13 INFO  no build target found for D:\Desktop\study\projects\DRP\backend\lumiroom\src\main\java\com\lumiroom\controller\WebSocketController.java. Using fallback presentation compiler.
2025.09.28 22:47:13 INFO  no build target found for D:\Desktop\study\projects\DRP\backend\lumiroom\src\main\java\com\lumiroom\service\rabbitmq\implementation\SenderImplementation.java. Using fallback presentation compiler.
2025.09.28 22:47:13 INFO  no build target found for D:\Desktop\study\projects\DRP\backend\lumiroom\src\main\java\com\lumiroom\service\rabbitmq\implementation\ReceiverImplementation.java. Using fallback presentation compiler.
2025.09.28 23:02:07 WARN  no build target for: D:\Desktop\study\projects\DRP\backend\lumiroom\src\main\java\com\lumiroom\controller\ContactController.java
2025.09.28 23:02:07 INFO  no build target found for D:\Desktop\study\projects\DRP\backend\lumiroom\src\main\java\com\lumiroom\controller\ContactController.java. Using fallback presentation compiler.
2025.09.28 23:02:07 INFO  no build target found for D:\Desktop\study\projects\DRP\backend\lumiroom\src\main\java\com\lumiroom\controller\ContactController.java. Using fallback presentation compiler.
2025.09.28 23:02:09 INFO  no build target found for D:\Desktop\study\projects\DRP\backend\lumiroom\src\main\java\com\lumiroom\controller\ContactController.java. Using fallback presentation compiler.
2025.09.28 23:02:11 INFO  no build target found for D:\Desktop\study\projects\DRP\backend\lumiroom\src\main\java\com\lumiroom\controller\ContactController.java. Using fallback presentation compiler.
2025.09.28 23:02:11 WARN  no build target for: D:\Desktop\study\projects\DRP\backend\lumiroom\src\main\java\com\lumiroom\controller\MessageController.java
2025.09.28 23:02:11 INFO  no build target found for D:\Desktop\study\projects\DRP\backend\lumiroom\src\main\java\com\lumiroom\controller\MessageController.java. Using fallback presentation compiler.
2025.09.28 23:02:11 INFO  no build target found for D:\Desktop\study\projects\DRP\backend\lumiroom\src\main\java\com\lumiroom\controller\MessageController.java. Using fallback presentation compiler.
2025.09.28 23:02:11 INFO  no build target found for D:\Desktop\study\projects\DRP\backend\lumiroom\src\main\java\com\lumiroom\controller\MessageController.java. Using fallback presentation compiler.
2025.09.28 23:02:12 INFO  no build target found for D:\Desktop\study\projects\DRP\backend\lumiroom\src\main\java\com\lumiroom\controller\MessageController.java. Using fallback presentation compiler.
2025.09.28 23:02:16 INFO  no build target found for D:\Desktop\study\projects\DRP\backend\lumiroom\src\main\java\com\lumiroom\controller\MessageController.java. Using fallback presentation compiler.
2025.09.28 23:02:16 INFO  no build target found for D:\Desktop\study\projects\DRP\backend\lumiroom\src\main\java\com\lumiroom\controller\MessageController.java. Using fallback presentation compiler.
2025.09.28 23:02:17 INFO  no build target found for D:\Desktop\study\projects\DRP\backend\lumiroom\src\main\java\com\lumiroom\controller\MessageController.java. Using fallback presentation compiler.
2025.09.28 23:02:17 INFO  no build target found for D:\Desktop\study\projects\DRP\backend\lumiroom\src\main\java\com\lumiroom\controller\MessageController.java. Using fallback presentation compiler.
2025.09.28 23:02:18 INFO  no build target found for D:\Desktop\study\projects\DRP\backend\lumiroom\src\main\java\com\lumiroom\controller\MessageController.java. Using fallback presentation compiler.
2025.09.28 23:02:22 INFO  no build target found for D:\Desktop\study\projects\DRP\backend\lumiroom\src\main\java\com\lumiroom\controller\MessageController.java. Using fallback presentation compiler.
2025.09.28 23:02:25 INFO  no build target found for D:\Desktop\study\projects\DRP\backend\lumiroom\src\main\java\com\lumiroom\controller\MessageController.java. Using fallback presentation compiler.
2025.09.28 23:02:25 WARN  no build target for: D:\Desktop\study\projects\DRP\backend\lumiroom\src\main\java\com\lumiroom\controller\RoomController.java
2025.09.28 23:02:25 INFO  no build target found for D:\Desktop\study\projects\DRP\backend\lumiroom\src\main\java\com\lumiroom\controller\RoomController.java. Using fallback presentation compiler.
2025.09.28 23:02:25 INFO  no build target found for D:\Desktop\study\projects\DRP\backend\lumiroom\src\main\java\com\lumiroom\controller\RoomController.java. Using fallback presentation compiler.
2025.09.28 23:02:28 INFO  no build target found for D:\Desktop\study\projects\DRP\backend\lumiroom\src\main\java\com\lumiroom\controller\RoomController.java. Using fallback presentation compiler.
2025.09.28 23:02:42 INFO  no build target found for D:\Desktop\study\projects\DRP\backend\lumiroom\src\main\java\com\lumiroom\controller\RoomController.java. Using fallback presentation compiler.
2025.09.28 23:02:57 WARN  no build target for: D:\Desktop\study\projects\DRP\backend\lumiroom\src\main\java\com\lumiroom\controller\RoomController.java
2025.09.28 23:02:57 INFO  no build target found for D:\Desktop\study\projects\DRP\backend\lumiroom\src\main\java\com\lumiroom\controller\RoomController.java. Using fallback presentation compiler.
2025.09.28 23:02:57 INFO  no build target found for D:\Desktop\study\projects\DRP\backend\lumiroom\src\main\java\com\lumiroom\controller\RoomController.java. Using fallback presentation compiler.
2025.09.28 23:13:10 WARN  no build target for: D:\Desktop\study\projects\DRP\backend\lumiroom\src\main\java\com\lumiroom\controller\MessageController.java
2025.09.28 23:13:10 INFO  no build target found for D:\Desktop\study\projects\DRP\backend\lumiroom\src\main\java\com\lumiroom\controller\MessageController.java. Using fallback presentation compiler.
2025.09.28 23:13:10 INFO  no build target found for D:\Desktop\study\projects\DRP\backend\lumiroom\src\main\java\com\lumiroom\controller\MessageController.java. Using fallback presentation compiler.
2025.09.28 23:13:10 INFO  no build target found for D:\Desktop\study\projects\DRP\backend\lumiroom\src\main\java\com\lumiroom\controller\MessageController.java. Using fallback presentation compiler.
2025.09.28 23:13:12 INFO  no build target found for D:\Desktop\study\projects\DRP\backend\lumiroom\src\main\java\com\lumiroom\controller\MessageController.java. Using fallback presentation compiler.
2025.09.28 23:13:12 WARN  no build target for: D:\Desktop\study\projects\DRP\backend\lumiroom\src\main\java\com\lumiroom\controller\WebSocketController.java
2025.09.28 23:13:12 INFO  no build target found for D:\Desktop\study\projects\DRP\backend\lumiroom\src\main\java\com\lumiroom\controller\WebSocketController.java. Using fallback presentation compiler.
2025.09.28 23:13:12 INFO  no build target found for D:\Desktop\study\projects\DRP\backend\lumiroom\src\main\java\com\lumiroom\controller\WebSocketController.java. Using fallback presentation compiler.
2025.09.28 23:13:28 INFO  no build target found for D:\Desktop\study\projects\DRP\backend\lumiroom\src\main\java\com\lumiroom\controller\WebSocketController.java. Using fallback presentation compiler.
2025.09.28 23:13:28 WARN  no build target for: D:\Desktop\study\projects\DRP\backend\lumiroom\src\main\java\com\lumiroom\ws\WebSocketDispatcher.java
2025.09.28 23:13:28 INFO  no build target found for D:\Desktop\study\projects\DRP\backend\lumiroom\src\main\java\com\lumiroom\ws\WebSocketDispatcher.java. Using fallback presentation compiler.
2025.09.28 23:13:28 INFO  no build target found for D:\Desktop\study\projects\DRP\backend\lumiroom\src\main\java\com\lumiroom\ws\WebSocketDispatcher.java. Using fallback presentation compiler.
2025.09.28 23:13:30 INFO  no build target found for D:\Desktop\study\projects\DRP\backend\lumiroom\src\main\java\com\lumiroom\ws\WebSocketDispatcher.java. Using fallback presentation compiler.
2025.09.28 23:13:36 INFO  no build target found for D:\Desktop\study\projects\DRP\backend\lumiroom\src\main\java\com\lumiroom\ws\WebSocketDispatcher.java. Using fallback presentation compiler.
2025.09.28 23:13:36 INFO  no build target found for D:\Desktop\study\projects\DRP\backend\lumiroom\src\main\java\com\lumiroom\ws\WebSocketDispatcher.java. Using fallback presentation compiler.
2025.09.28 23:13:41 INFO  no build target found for D:\Desktop\study\projects\DRP\backend\lumiroom\src\main\java\com\lumiroom\ws\WebSocketDispatcher.java. Using fallback presentation compiler.
2025.09.28 23:14:10 INFO  no build target found for D:\Desktop\study\projects\DRP\backend\lumiroom\src\main\java\com\lumiroom\ws\WebSocketDispatcher.java. Using fallback presentation compiler.
2025.09.28 23:14:10 INFO  no build target found for D:\Desktop\study\projects\DRP\backend\lumiroom\src\main\java\com\lumiroom\ws\WebSocketDispatcher.java. Using fallback presentation compiler.
2025.09.28 23:14:17 INFO  no build target found for D:\Desktop\study\projects\DRP\backend\lumiroom\src\main\java\com\lumiroom\ws\WebSocketDispatcher.java. Using fallback presentation compiler.
2025.09.28 23:14:19 INFO  no build target found for D:\Desktop\study\projects\DRP\backend\lumiroom\src\main\java\com\lumiroom\ws\WebSocketDispatcher.java. Using fallback presentation compiler.
2025.09.28 23:14:19 INFO  no build target found for D:\Desktop\study\projects\DRP\backend\lumiroom\src\main\java\com\lumiroom\ws\WebSocketDispatcher.java. Using fallback presentation compiler.
2025.09.28 23:14:23 INFO  no build target found for D:\Desktop\study\projects\DRP\backend\lumiroom\src\main\java\com\lumiroom\ws\WebSocketDispatcher.java. Using fallback presentation compiler.
2025.09.28 23:14:23 INFO  no build target found for D:\Desktop\study\projects\DRP\backend\lumiroom\src\main\java\com\lumiroom\ws\WebSocketDispatcher.java. Using fallback presentation compiler.
2025.09.28 23:14:23 INFO  no build target found for D:\Desktop\study\projects\DRP\backend\lumiroom\src\main\java\com\lumiroom\ws\WebSocketDispatcher.java. Using fallback presentation compiler.
2025.09.28 23:14:25 INFO  no build target found for D:\Desktop\study\projects\DRP\backend\lumiroom\src\main\java\com\lumiroom\ws\WebSocketDispatcher.java. Using fallback presentation compiler.
2025.09.28 23:14:25 INFO  no build target found for D:\Desktop\study\projects\DRP\backend\lumiroom\src\main\java\com\lumiroom\ws\WebSocketDispatcher.java. Using fallback presentation compiler.
Sept 28, 2025 11:14:25 PM org.eclipse.lsp4j.jsonrpc.RemoteEndpoint handleCancellation
警告: Unmatched cancel notification for request id 642
2025.09.28 23:14:26 INFO  no build target found for D:\Desktop\study\projects\DRP\backend\lumiroom\src\main\java\com\lumiroom\ws\WebSocketDispatcher.java. Using fallback presentation compiler.
2025.09.28 23:14:26 INFO  no build target found for D:\Desktop\study\projects\DRP\backend\lumiroom\src\main\java\com\lumiroom\ws\WebSocketDispatcher.java. Using fallback presentation compiler.
2025.09.28 23:14:28 INFO  no build target found for D:\Desktop\study\projects\DRP\backend\lumiroom\src\main\java\com\lumiroom\ws\WebSocketDispatcher.java. Using fallback presentation compiler.
2025.09.28 23:14:28 INFO  no build target found for D:\Desktop\study\projects\DRP\backend\lumiroom\src\main\java\com\lumiroom\ws\WebSocketDispatcher.java. Using fallback presentation compiler.
2025.09.28 23:14:28 INFO  no build target found for D:\Desktop\study\projects\DRP\backend\lumiroom\src\main\java\com\lumiroom\ws\WebSocketDispatcher.java. Using fallback presentation compiler.
2025.09.28 23:14:28 INFO  no build target found for D:\Desktop\study\projects\DRP\backend\lumiroom\src\main\java\com\lumiroom\ws\WebSocketDispatcher.java. Using fallback presentation compiler.
2025.09.28 23:14:29 INFO  no build target found for D:\Desktop\study\projects\DRP\backend\lumiroom\src\main\java\com\lumiroom\ws\WebSocketDispatcher.java. Using fallback presentation compiler.
2025.09.28 23:14:29 WARN  no build target for: D:\Desktop\study\projects\DRP\backend\lumiroom\src\main\java\com\lumiroom\ws\WebSocketDispatcher.java
2025.09.28 23:14:29 INFO  no build target found for D:\Desktop\study\projects\DRP\backend\lumiroom\src\main\java\com\lumiroom\ws\WebSocketDispatcher.java. Using fallback presentation compiler.
2025.09.28 23:14:30 WARN  no build target for: D:\Desktop\study\projects\DRP\backend\lumiroom\src\main\java\com\lumiroom\ws\WebSocketDispatcher.java
2025.09.28 23:14:29 INFO  no build target found for D:\Desktop\study\projects\DRP\backend\lumiroom\src\main\java\com\lumiroom\ws\WebSocketDispatcher.java. Using fallback presentation compiler.
2025.09.28 23:14:30 WARN  no build target for: D:\Desktop\study\projects\DRP\backend\lumiroom\src\main\java\com\lumiroom\ws\WebSocketDispatcher.java
2025.09.28 23:14:31 INFO  no build target found for D:\Desktop\study\projects\DRP\backend\lumiroom\src\main\java\com\lumiroom\ws\WebSocketDispatcher.java. Using fallback presentation compiler.
2025.09.28 23:15:04 INFO  no build target found for D:\Desktop\study\projects\DRP\backend\lumiroom\src\main\java\com\lumiroom\ws\WebSocketDispatcher.java. Using fallback presentation compiler.
2025.09.28 23:15:05 INFO  no build target found for D:\Desktop\study\projects\DRP\backend\lumiroom\src\main\java\com\lumiroom\ws\WebSocketDispatcher.java. Using fallback presentation compiler.
2025.09.28 23:15:05 WARN  no build target for: D:\Desktop\study\projects\DRP\backend\lumiroom\src\main\java\com\lumiroom\ws\WebSocketDispatcher.java
2025.09.28 23:15:05 INFO  no build target found for D:\Desktop\study\projects\DRP\backend\lumiroom\src\main\java\com\lumiroom\ws\WebSocketDispatcher.java. Using fallback presentation compiler.
2025.09.28 23:15:05 WARN  no build target for: D:\Desktop\study\projects\DRP\backend\lumiroom\src\main\java\com\lumiroom\ws\WebSocketDispatcher.java
2025.09.28 23:15:05 INFO  no build target found for D:\Desktop\study\projects\DRP\backend\lumiroom\src\main\java\com\lumiroom\ws\WebSocketDispatcher.java. Using fallback presentation compiler.
2025.09.28 23:15:06 WARN  no build target for: D:\Desktop\study\projects\DRP\backend\lumiroom\src\main\java\com\lumiroom\ws\WebSocketDispatcher.java
2025.09.28 23:15:05 INFO  no build target found for D:\Desktop\study\projects\DRP\backend\lumiroom\src\main\java\com\lumiroom\ws\WebSocketDispatcher.java. Using fallback presentation compiler.
2025.09.28 23:15:05 WARN  no build target for: D:\Desktop\study\projects\DRP\backend\lumiroom\src\main\java\com\lumiroom\ws\WebSocketDispatcher.java
2025.09.28 23:15:05 INFO  no build target found for D:\Desktop\study\projects\DRP\backend\lumiroom\src\main\java\com\lumiroom\ws\WebSocketDispatcher.java. Using fallback presentation compiler.
2025.09.28 23:15:05 WARN  no build target for: D:\Desktop\study\projects\DRP\backend\lumiroom\src\main\java\com\lumiroom\ws\WebSocketDispatcher.java
2025.09.28 23:30:20 INFO  no build target found for D:\Desktop\study\projects\DRP\backend\lumiroom\src\main\java\com\lumiroom\ws\WebSocketDispatcher.java. Using fallback presentation compiler.
2025.09.28 23:30:21 WARN  no build target for: D:\Desktop\study\projects\DRP\backend\lumiroom\src\main\java\com\lumiroom\ws\WebSocketDispatcher.java
2025.09.28 23:30:20 INFO  no build target found for D:\Desktop\study\projects\DRP\backend\lumiroom\src\main\java\com\lumiroom\ws\WebSocketDispatcher.java. Using fallback presentation compiler.
2025.09.28 23:30:22 INFO  no build target found for D:\Desktop\study\projects\DRP\backend\lumiroom\src\main\java\com\lumiroom\ws\WebSocketDispatcher.java. Using fallback presentation compiler.
2025.09.28 23:30:22 INFO  no build target found for D:\Desktop\study\projects\DRP\backend\lumiroom\src\main\java\com\lumiroom\ws\WebSocketDispatcher.java. Using fallback presentation compiler.
2025.09.28 23:30:24 INFO  no build target found for D:\Desktop\study\projects\DRP\backend\lumiroom\src\main\java\com\lumiroom\ws\WebSocketDispatcher.java. Using fallback presentation compiler.
2025.09.28 23:30:24 INFO  no build target found for D:\Desktop\study\projects\DRP\backend\lumiroom\src\main\java\com\lumiroom\ws\WebSocketDispatcher.java. Using fallback presentation compiler.
2025.09.28 23:30:24 INFO  no build target found for D:\Desktop\study\projects\DRP\backend\lumiroom\src\main\java\com\lumiroom\ws\WebSocketDispatcher.java. Using fallback presentation compiler.
2025.09.28 23:30:25 INFO  no build target found for D:\Desktop\study\projects\DRP\backend\lumiroom\src\main\java\com\lumiroom\ws\WebSocketDispatcher.java. Using fallback presentation compiler.
2025.09.28 23:30:26 INFO  no build target found for D:\Desktop\study\projects\DRP\backend\lumiroom\src\main\java\com\lumiroom\ws\WebSocketDispatcher.java. Using fallback presentation compiler.
2025.09.28 23:30:26 INFO  no build target found for D:\Desktop\study\projects\DRP\backend\lumiroom\src\main\java\com\lumiroom\ws\WebSocketDispatcher.java. Using fallback presentation compiler.
2025.09.28 23:30:28 INFO  no build target found for D:\Desktop\study\projects\DRP\backend\lumiroom\src\main\java\com\lumiroom\ws\WebSocketDispatcher.java. Using fallback presentation compiler.
2025.09.28 23:30:28 INFO  no build target found for D:\Desktop\study\projects\DRP\backend\lumiroom\src\main\java\com\lumiroom\ws\WebSocketDispatcher.java. Using fallback presentation compiler.
2025.09.28 23:30:28 INFO  no build target found for D:\Desktop\study\projects\DRP\backend\lumiroom\src\main\java\com\lumiroom\ws\WebSocketDispatcher.java. Using fallback presentation compiler.
2025.09.28 23:30:29 INFO  no build target found for D:\Desktop\study\projects\DRP\backend\lumiroom\src\main\java\com\lumiroom\ws\WebSocketDispatcher.java. Using fallback presentation compiler.
2025.09.28 23:30:29 INFO  no build target found for D:\Desktop\study\projects\DRP\backend\lumiroom\src\main\java\com\lumiroom\ws\WebSocketDispatcher.java. Using fallback presentation compiler.
2025.09.28 23:30:29 INFO  no build target found for D:\Desktop\study\projects\DRP\backend\lumiroom\src\main\java\com\lumiroom\ws\WebSocketDispatcher.java. Using fallback presentation compiler.
2025.09.28 23:30:29 INFO  no build target found for D:\Desktop\study\projects\DRP\backend\lumiroom\src\main\java\com\lumiroom\ws\WebSocketDispatcher.java. Using fallback presentation compiler.
2025.09.28 23:30:29 INFO  no build target found for D:\Desktop\study\projects\DRP\backend\lumiroom\src\main\java\com\lumiroom\ws\WebSocketDispatcher.java. Using fallback presentation compiler.
2025.09.28 23:30:29 INFO  no build target found for D:\Desktop\study\projects\DRP\backend\lumiroom\src\main\java\com\lumiroom\ws\WebSocketDispatcher.java. Using fallback presentation compiler.
2025.09.28 23:30:30 INFO  no build target found for D:\Desktop\study\projects\DRP\backend\lumiroom\src\main\java\com\lumiroom\ws\WebSocketDispatcher.java. Using fallback presentation compiler.
2025.09.28 23:30:30 INFO  no build target found for D:\Desktop\study\projects\DRP\backend\lumiroom\src\main\java\com\lumiroom\ws\WebSocketDispatcher.java. Using fallback presentation compiler.
2025.09.28 23:30:30 INFO  no build target found for D:\Desktop\study\projects\DRP\backend\lumiroom\src\main\java\com\lumiroom\ws\WebSocketDispatcher.java. Using fallback presentation compiler.
2025.09.28 23:30:30 INFO  no build target found for D:\Desktop\study\projects\DRP\backend\lumiroom\src\main\java\com\lumiroom\ws\WebSocketDispatcher.java. Using fallback presentation compiler.
2025.09.28 23:30:31 INFO  no build target found for D:\Desktop\study\projects\DRP\backend\lumiroom\src\main\java\com\lumiroom\ws\WebSocketDispatcher.java. Using fallback presentation compiler.
2025.09.28 23:30:31 WARN  no build target for: D:\Desktop\study\projects\DRP\backend\lumiroom\src\main\java\com\lumiroom\ws\WebSocketDispatcher.java
2025.09.28 23:30:31 INFO  no build target found for D:\Desktop\study\projects\DRP\backend\lumiroom\src\main\java\com\lumiroom\ws\WebSocketDispatcher.java. Using fallback presentation compiler.
2025.09.28 23:30:32 WARN  no build target for: D:\Desktop\study\projects\DRP\backend\lumiroom\src\main\java\com\lumiroom\ws\WebSocketDispatcher.java
2025.09.28 23:30:31 INFO  no build target found for D:\Desktop\study\projects\DRP\backend\lumiroom\src\main\java\com\lumiroom\ws\WebSocketDispatcher.java. Using fallback presentation compiler.
2025.09.28 23:30:32 WARN  no build target for: D:\Desktop\study\projects\DRP\backend\lumiroom\src\main\java\com\lumiroom\ws\WebSocketDispatcher.java
2025.09.28 23:30:31 INFO  no build target found for D:\Desktop\study\projects\DRP\backend\lumiroom\src\main\java\com\lumiroom\ws\WebSocketDispatcher.java. Using fallback presentation compiler.
2025.09.28 23:30:32 WARN  no build target for: D:\Desktop\study\projects\DRP\backend\lumiroom\src\main\java\com\lumiroom\ws\WebSocketDispatcher.java
2025.09.28 23:30:31 INFO  no build target found for D:\Desktop\study\projects\DRP\backend\lumiroom\src\main\java\com\lumiroom\ws\WebSocketDispatcher.java. Using fallback presentation compiler.
2025.09.28 23:30:31 WARN  no build target for: D:\Desktop\study\projects\DRP\backend\lumiroom\src\main\java\com\lumiroom\ws\WebSocketDispatcher.java
2025.09.28 23:30:33 INFO  no build target found for D:\Desktop\study\projects\DRP\backend\lumiroom\src\main\java\com\lumiroom\ws\WebSocketDispatcher.java. Using fallback presentation compiler.
2025.09.28 23:30:32 WARN  no build target for: D:\Desktop\study\projects\DRP\backend\lumiroom\src\main\java\com\lumiroom\ws\WebSocketDispatcher.java
2025.09.28 23:30:33 INFO  no build target found for D:\Desktop\study\projects\DRP\backend\lumiroom\src\main\java\com\lumiroom\ws\WebSocketDispatcher.java. Using fallback presentation compiler.
2025.09.28 23:30:33 WARN  no build target for: D:\Desktop\study\projects\DRP\backend\lumiroom\src\main\java\com\lumiroom\ws\WebSocketDispatcher.java
2025.09.28 23:30:33 INFO  no build target found for D:\Desktop\study\projects\DRP\backend\lumiroom\src\main\java\com\lumiroom\ws\WebSocketDispatcher.java. Using fallback presentation compiler.
2025.09.28 23:30:33 WARN  no build target for: D:\Desktop\study\projects\DRP\backend\lumiroom\src\main\java\com\lumiroom\ws\WebSocketDispatcher.java
2025.09.28 23:30:36 INFO  no build target found for D:\Desktop\study\projects\DRP\backend\lumiroom\src\main\java\com\lumiroom\ws\WebSocketDispatcher.java. Using fallback presentation compiler.
2025.09.28 23:30:36 INFO  no build target found for D:\Desktop\study\projects\DRP\backend\lumiroom\src\main\java\com\lumiroom\ws\WebSocketDispatcher.java. Using fallback presentation compiler.
2025.09.28 23:30:36 WARN  no build target for: D:\Desktop\study\projects\DRP\backend\lumiroom\src\main\java\com\lumiroom\ws\WebSocketDispatcher.java
2025.09.28 23:30:36 INFO  no build target found for D:\Desktop\study\projects\DRP\backend\lumiroom\src\main\java\com\lumiroom\ws\WebSocketDispatcher.java. Using fallback presentation compiler.
2025.09.28 23:30:36 WARN  no build target for: D:\Desktop\study\projects\DRP\backend\lumiroom\src\main\java\com\lumiroom\ws\WebSocketDispatcher.java
2025.09.28 23:30:36 INFO  no build target found for D:\Desktop\study\projects\DRP\backend\lumiroom\src\main\java\com\lumiroom\ws\WebSocketDispatcher.java. Using fallback presentation compiler.
2025.09.28 23:30:36 WARN  no build target for: D:\Desktop\study\projects\DRP\backend\lumiroom\src\main\java\com\lumiroom\ws\WebSocketDispatcher.java
2025.09.28 23:53:37 WARN  no build target for: D:\Desktop\study\projects\DRP\backend\lumiroom\src\main\java\com\lumiroom\service\rabbitmq\implementation\ReceiverImplementation.java
2025.09.28 23:53:37 INFO  no build target found for D:\Desktop\study\projects\DRP\backend\lumiroom\src\main\java\com\lumiroom\service\rabbitmq\implementation\ReceiverImplementation.java. Using fallback presentation compiler.
2025.09.28 23:53:37 INFO  no build target found for D:\Desktop\study\projects\DRP\backend\lumiroom\src\main\java\com\lumiroom\service\rabbitmq\implementation\ReceiverImplementation.java. Using fallback presentation compiler.
2025.09.28 23:53:40 INFO  no build target found for D:\Desktop\study\projects\DRP\backend\lumiroom\src\main\java\com\lumiroom\service\rabbitmq\implementation\ReceiverImplementation.java. Using fallback presentation compiler.
Sept 28, 2025 11:53:40 PM org.eclipse.lsp4j.jsonrpc.RemoteEndpoint handleCancellation
警告: Unmatched cancel notification for request id 747
2025.09.28 23:53:44 INFO  no build target found for D:\Desktop\study\projects\DRP\backend\lumiroom\src\main\java\com\lumiroom\service\rabbitmq\implementation\ReceiverImplementation.java. Using fallback presentation compiler.
2025.09.28 23:53:45 INFO  no build target found for D:\Desktop\study\projects\DRP\backend\lumiroom\src\main\java\com\lumiroom\service\rabbitmq\implementation\ReceiverImplementation.java. Using fallback presentation compiler.
2025.09.28 23:53:45 INFO  no build target found for D:\Desktop\study\projects\DRP\backend\lumiroom\src\main\java\com\lumiroom\service\rabbitmq\implementation\ReceiverImplementation.java. Using fallback presentation compiler.
2025.09.28 23:53:45 INFO  no build target found for D:\Desktop\study\projects\DRP\backend\lumiroom\src\main\java\com\lumiroom\service\rabbitmq\implementation\ReceiverImplementation.java. Using fallback presentation compiler.
2025.09.28 23:53:46 INFO  no build target found for D:\Desktop\study\projects\DRP\backend\lumiroom\src\main\java\com\lumiroom\service\rabbitmq\implementation\ReceiverImplementation.java. Using fallback presentation compiler.
2025.09.28 23:53:46 INFO  no build target found for D:\Desktop\study\projects\DRP\backend\lumiroom\src\main\java\com\lumiroom\service\rabbitmq\implementation\ReceiverImplementation.java. Using fallback presentation compiler.
2025.09.28 23:53:52 INFO  no build target found for D:\Desktop\study\projects\DRP\backend\lumiroom\src\main\java\com\lumiroom\service\rabbitmq\implementation\ReceiverImplementation.java. Using fallback presentation compiler.
2025.09.28 23:54:45 INFO  no build target found for D:\Desktop\study\projects\DRP\backend\lumiroom\src\main\java\com\lumiroom\ws\WebSocketDispatcher.java. Using fallback presentation compiler.
2025.09.28 23:54:45 WARN  no build target for: D:\Desktop\study\projects\DRP\backend\lumiroom\src\main\java\com\lumiroom\ws\WebSocketDispatcher.java
2025.09.28 23:54:45 INFO  no build target found for D:\Desktop\study\projects\DRP\backend\lumiroom\src\main\java\com\lumiroom\ws\WebSocketDispatcher.java. Using fallback presentation compiler.
2025.09.28 23:54:45 INFO  no build target found for D:\Desktop\study\projects\DRP\backend\lumiroom\src\main\java\com\lumiroom\ws\WebSocketDispatcher.java. Using fallback presentation compiler.
2025.09.28 23:54:46 INFO  no build target found for D:\Desktop\study\projects\DRP\backend\lumiroom\src\main\java\com\lumiroom\ws\WebSocketDispatcher.java. Using fallback presentation compiler.
2025.09.28 23:54:50 INFO  no build target found for D:\Desktop\study\projects\DRP\backend\lumiroom\src\main\java\com\lumiroom\ws\WebSocketDispatcher.java. Using fallback presentation compiler.
2025.09.28 23:55:41 INFO  no build target found for D:\Desktop\study\projects\DRP\backend\lumiroom\src\main\java\com\lumiroom\ws\WebSocketDispatcher.java. Using fallback presentation compiler.
Sept 28, 2025 11:55:41 PM org.eclipse.lsp4j.jsonrpc.RemoteEndpoint handleCancellation
警告: Unmatched cancel notification for request id 767
2025.09.28 23:55:41 INFO  no build target found for D:\Desktop\study\projects\DRP\backend\lumiroom\src\main\java\com\lumiroom\ws\WebSocketDispatcher.java. Using fallback presentation compiler.
2025.09.28 23:55:41 INFO  no build target found for D:\Desktop\study\projects\DRP\backend\lumiroom\src\main\java\com\lumiroom\ws\WebSocketDispatcher.java. Using fallback presentation compiler.
2025.09.28 23:55:42 INFO  no build target found for D:\Desktop\study\projects\DRP\backend\lumiroom\src\main\java\com\lumiroom\ws\WebSocketDispatcher.java. Using fallback presentation compiler.
2025.09.28 23:55:42 INFO  no build target found for D:\Desktop\study\projects\DRP\backend\lumiroom\src\main\java\com\lumiroom\ws\WebSocketDispatcher.java. Using fallback presentation compiler.
2025.09.28 23:55:44 INFO  no build target found for D:\Desktop\study\projects\DRP\backend\lumiroom\src\main\java\com\lumiroom\ws\WebSocketDispatcher.java. Using fallback presentation compiler.
2025.09.28 23:55:44 INFO  no build target found for D:\Desktop\study\projects\DRP\backend\lumiroom\src\main\java\com\lumiroom\ws\WebSocketDispatcher.java. Using fallback presentation compiler.
2025.09.28 23:55:46 INFO  no build target found for D:\Desktop\study\projects\DRP\backend\lumiroom\src\main\java\com\lumiroom\ws\WebSocketDispatcher.java. Using fallback presentation compiler.
2025.09.28 23:55:46 INFO  no build target found for D:\Desktop\study\projects\DRP\backend\lumiroom\src\main\java\com\lumiroom\ws\WebSocketDispatcher.java. Using fallback presentation compiler.
2025.09.28 23:55:46 INFO  no build target found for D:\Desktop\study\projects\DRP\backend\lumiroom\src\main\java\com\lumiroom\ws\WebSocketDispatcher.java. Using fallback presentation compiler.
2025.09.28 23:55:46 INFO  no build target found for D:\Desktop\study\projects\DRP\backend\lumiroom\src\main\java\com\lumiroom\ws\WebSocketDispatcher.java. Using fallback presentation compiler.
2025.09.28 23:55:46 INFO  no build target found for D:\Desktop\study\projects\DRP\backend\lumiroom\src\main\java\com\lumiroom\ws\WebSocketDispatcher.java. Using fallback presentation compiler.
2025.09.28 23:55:46 INFO  no build target found for D:\Desktop\study\projects\DRP\backend\lumiroom\src\main\java\com\lumiroom\ws\WebSocketDispatcher.java. Using fallback presentation compiler.
2025.09.28 23:55:46 INFO  no build target found for D:\Desktop\study\projects\DRP\backend\lumiroom\src\main\java\com\lumiroom\ws\WebSocketDispatcher.java. Using fallback presentation compiler.
2025.09.28 23:55:47 INFO  no build target found for D:\Desktop\study\projects\DRP\backend\lumiroom\src\main\java\com\lumiroom\ws\WebSocketDispatcher.java. Using fallback presentation compiler.
2025.09.28 23:55:47 INFO  no build target found for D:\Desktop\study\projects\DRP\backend\lumiroom\src\main\java\com\lumiroom\ws\WebSocketDispatcher.java. Using fallback presentation compiler.
2025.09.28 23:55:49 INFO  no build target found for D:\Desktop\study\projects\DRP\backend\lumiroom\src\main\java\com\lumiroom\ws\WebSocketDispatcher.java. Using fallback presentation compiler.
2025.09.28 23:55:49 INFO  no build target found for D:\Desktop\study\projects\DRP\backend\lumiroom\src\main\java\com\lumiroom\ws\WebSocketDispatcher.java. Using fallback presentation compiler.
2025.09.28 23:55:49 INFO  no build target found for D:\Desktop\study\projects\DRP\backend\lumiroom\src\main\java\com\lumiroom\ws\WebSocketDispatcher.java. Using fallback presentation compiler.
2025.09.28 23:55:50 INFO  no build target found for D:\Desktop\study\projects\DRP\backend\lumiroom\src\main\java\com\lumiroom\ws\WebSocketDispatcher.java. Using fallback presentation compiler.
2025.09.28 23:55:50 INFO  no build target found for D:\Desktop\study\projects\DRP\backend\lumiroom\src\main\java\com\lumiroom\ws\WebSocketDispatcher.java. Using fallback presentation compiler.
2025.09.28 23:55:50 INFO  no build target found for D:\Desktop\study\projects\DRP\backend\lumiroom\src\main\java\com\lumiroom\ws\WebSocketDispatcher.java. Using fallback presentation compiler.
2025.09.28 23:55:50 INFO  no build target found for D:\Desktop\study\projects\DRP\backend\lumiroom\src\main\java\com\lumiroom\ws\WebSocketDispatcher.java. Using fallback presentation compiler.
2025.09.28 23:55:50 INFO  no build target found for D:\Desktop\study\projects\DRP\backend\lumiroom\src\main\java\com\lumiroom\ws\WebSocketDispatcher.java. Using fallback presentation compiler.
2025.09.28 23:55:50 INFO  no build target found for D:\Desktop\study\projects\DRP\backend\lumiroom\src\main\java\com\lumiroom\ws\WebSocketDispatcher.java. Using fallback presentation compiler.
2025.09.28 23:55:52 INFO  no build target found for D:\Desktop\study\projects\DRP\backend\lumiroom\src\main\java\com\lumiroom\ws\WebSocketDispatcher.java. Using fallback presentation compiler.
2025.09.28 23:55:52 INFO  no build target found for D:\Desktop\study\projects\DRP\backend\lumiroom\src\main\java\com\lumiroom\ws\WebSocketDispatcher.java. Using fallback presentation compiler.
2025.09.28 23:55:53 WARN  no build target for: D:\Desktop\study\projects\DRP\backend\lumiroom\src\main\java\com\lumiroom\ws\WebSocketDispatcher.java
2025.09.28 23:55:52 INFO  no build target found for D:\Desktop\study\projects\DRP\backend\lumiroom\src\main\java\com\lumiroom\ws\WebSocketDispatcher.java. Using fallback presentation compiler.
2025.09.28 23:55:53 WARN  no build target for: D:\Desktop\study\projects\DRP\backend\lumiroom\src\main\java\com\lumiroom\ws\WebSocketDispatcher.java
2025.09.28 23:57:24 INFO  no build target found for D:\Desktop\study\projects\DRP\backend\lumiroom\src\main\java\com\lumiroom\ws\WebSocketDispatcher.java. Using fallback presentation compiler.
2025.09.28 23:57:29 INFO  no build target found for D:\Desktop\study\projects\DRP\backend\lumiroom\src\main\java\com\lumiroom\ws\WebSocketDispatcher.java. Using fallback presentation compiler.
